[themexriver.com/industrial-demo/index.html]
[backblue.gif]
[fade.gif]
[index.html]
[themexriver.com/industrial-demo/assets/images/favicon/favicon.png]
[themexriver.com/industrial-demo/assets/images/favicon/apple-touch-icon-57x57.png]
[themexriver.com/industrial-demo/assets/images/favicon/apple-touch-icon-72x72.png]
[themexriver.com/industrial-demo/assets/images/favicon/apple-touch-icon-114x114.png]
[themexriver.com/industrial-demo/assets/images/favicon/apple-touch-icon-144x144.png]
[themexriver.com/industrial-demo/assets/css/font-awesome.min.css]
[themexriver.com/industrial-demo/assets/css/flaticon.css]
[themexriver.com/industrial-demo/assets/css/bootstrap.min.css]
[themexriver.com/industrial-demo/assets/css/animate.css]
[themexriver.com/industrial-demo/assets/css/owl.carousel.css]
[themexriver.com/industrial-demo/assets/css/owl.theme.css]
[themexriver.com/industrial-demo/assets/css/slick.css]
[themexriver.com/industrial-demo/assets/css/slick-theme.css]
[themexriver.com/industrial-demo/assets/css/owl.transitions.css]
[themexriver.com/industrial-demo/assets/css/jquery.fancybox.css]
[themexriver.com/industrial-demo/assets/css/jquery.mCustomScrollbar.min.css]
[themexriver.com/industrial-demo/assets/css/style.css]
[themexriver.com/industrial-demo/assets/images/preloader.gif]
[themexriver.com/industrial-demo/assets/images/logo-2.png]
[themexriver.com/industrial-demo/index-2.html]
[themexriver.com/industrial-demo/index-3.html]
[themexriver.com/industrial-demo/index-4.html]
[themexriver.com/industrial-demo/index-5.html]
[themexriver.com/industrial-demo/index-6.html]
[themexriver.com/industrial-demo/about.html]
[themexriver.com/industrial-demo/projects.html]
[themexriver.com/industrial-demo/service-single.html]
[themexriver.com/industrial-demo/project-single.html]
[themexriver.com/industrial-demo/shop.html]
[themexriver.com/industrial-demo/shop-sidebar.html]
[themexriver.com/industrial-demo/shop-details.html]
[themexriver.com/industrial-demo/testimonials.html]
[themexriver.com/industrial-demo/faq.html]
[themexriver.com/industrial-demo/blog.html]
[themexriver.com/industrial-demo/blog-right-sidebar.html]
[themexriver.com/industrial-demo/blog-left-sidebar.html]
[themexriver.com/industrial-demo/blog-details.html]
[themexriver.com/industrial-demo/contact.html]
[themexriver.com/industrial-demo/assets/images/shop/small/1.jpg]
[themexriver.com/industrial-demo/assets/images/shop/small/6.jpg]
[themexriver.com/industrial-demo/assets/images/slider/slide-1.jpg]
[themexriver.com/industrial-demo/assets/images/slider/slide-3.jpg]
[themexriver.com/industrial-demo/assets/images/services/img-1.jpg]
[themexriver.com/industrial-demo/assets/images/services/img-2.jpg]
[themexriver.com/industrial-demo/assets/images/services/img-3.jpg]
[themexriver.com/industrial-demo/assets/images/testimonials/bg.jpg]
[themexriver.com/industrial-demo/assets/images/testimonials/client.jpg]
[themexriver.com/industrial-demo/assets/images/projects/img-1.jpg]
[themexriver.com/industrial-demo/assets/images/projects/img-2.jpg]
[themexriver.com/industrial-demo/assets/images/projects/img-3.jpg]
[themexriver.com/industrial-demo/assets/images/projects/img-4.jpg]
[themexriver.com/industrial-demo/assets/images/backhoe-loader.png]
[themexriver.com/industrial-demo/assets/images/partners/img-1.png]
[themexriver.com/industrial-demo/assets/images/partners/img-2.png]
[themexriver.com/industrial-demo/assets/images/partners/img-3.png]
[themexriver.com/industrial-demo/assets/images/partners/img-4.png]
[themexriver.com/industrial-demo/assets/images/contact-section-bg.jpg]
[themexriver.com/industrial-demo/assets/images/contact-women.png]
[themexriver.com/industrial-demo/assets/images/blog/img-1.jpg]
[themexriver.com/industrial-demo/assets/images/blog/img-3.jpg]
[themexriver.com/industrial-demo/assets/images/logo.png]
[themexriver.com/industrial-demo/assets/js/jquery.min.js]
[themexriver.com/industrial-demo/assets/js/jquery.mCustomScrollbar.js]
[themexriver.com/industrial-demo/index.html]
[themexriver.com/industrial-demo/assets/fonts/fontawesome-webfont5b62.eot]
[themexriver.com/industrial-demo/assets/js/script.js]
[themexriver.com/industrial-demo/assets/fonts/fontawesome-webfontd41d.eot]
[themexriver.com/industrial-demo/assets/js/jquery-plugin-collection.js]
[themexriver.com/industrial-demo/assets/css/font-awesome.min.css]
[themexriver.com/industrial-demo/assets/fonts/fontawesome-webfont5b62.woff2]
[themexriver.com/industrial-demo/assets/fonts/Flaticond41d.eot]
[themexriver.com/industrial-demo/assets/fonts/Flaticon.woff]
[themexriver.com/industrial-demo/assets/fonts/Flaticon.ttf]
[themexriver.com/industrial-demo/assets/css/flaticon.css]
[themexriver.com/industrial-demo/assets/fonts/glyphicons-halflings-regular.eot]
[themexriver.com/industrial-demo/assets/fonts/glyphicons-halflings-regulard41d.eot]
[themexriver.com/industrial-demo/assets/fonts/fontawesome-webfont5b62.woff]
[themexriver.com/industrial-demo/assets/fonts/glyphicons-halflings-regular.woff2]
[themexriver.com/industrial-demo/assets/fonts/glyphicons-halflings-regular.woff]
[themexriver.com/industrial-demo/assets/css/bootstrap.min.css]
[themexriver.com/industrial-demo/assets/css/animate.css]
[themexriver.com/industrial-demo/assets/css/owl.video.play.png]
[themexriver.com/industrial-demo/assets/css/owl.carousel.css]
[themexriver.com/industrial-demo/assets/css/owl.theme.css]
[themexriver.com/industrial-demo/assets/css/slick.css]
[themexriver.com/industrial-demo/assets/fonts/glyphicons-halflings-regular.ttf]
[themexriver.com/industrial-demo/assets/images/ajax-loader.gif]
[themexriver.com/industrial-demo/assets/fonts/slick.eot]
[themexriver.com/industrial-demo/assets/fonts/slick.woff]
[themexriver.com/industrial-demo/assets/fonts/slickd41d.eot]
[themexriver.com/industrial-demo/assets/fonts/slick.ttf]
[themexriver.com/industrial-demo/assets/css/slick-theme.css]
[themexriver.com/industrial-demo/assets/css/owl.transitions.css]
[themexriver.com/industrial-demo/assets/images/fancybox/fancybox_sprite.png]
[themexriver.com/industrial-demo/assets/images/fancybox/fancybox_loading.gif]
[themexriver.com/industrial-demo/assets/images/fancybox/blank.gif]
[themexriver.com/industrial-demo/assets/images/fancybox/fancybox_overlay.png]
[themexriver.com/industrial-demo/assets/images/fancybox/fancybox_sprite@2x.png]
[themexriver.com/industrial-demo/assets/images/fancybox/fancybox_loading@2x.gif]
[themexriver.com/industrial-demo/assets/css/jquery.fancybox.css]
[themexriver.com/industrial-demo/assets/css/mCSB_buttons.png]
[themexriver.com/industrial-demo/assets/css/jquery.mCustomScrollbar.min.css]
[themexriver.com/industrial-demo/assets/images/body-bg.jpg]
[themexriver.com/industrial-demo/assets/images/select-icon.png]
[themexriver.com/industrial-demo/assets/images/page-title.jpg]
[themexriver.com/industrial-demo/assets/images/testimonials/quote.png]
[themexriver.com/industrial-demo/assets/css/style.css]
[themexriver.com/industrial-demo/assets/images/cta-bg.jpg]
[themexriver.com/industrial-demo/assets/images/services/img-4.jpg]
[themexriver.com/industrial-demo/assets/images/team/img-1.jpg]
[themexriver.com/industrial-demo/assets/images/team/img-2.jpg]
[themexriver.com/industrial-demo/assets/images/team/img-3.jpg]
[themexriver.com/industrial-demo/assets/images/newsletter-pic.png]
[themexriver.com/industrial-demo/assets/images/testimonials/img-1.jpg]
[themexriver.com/industrial-demo/assets/images/testimonials/img-2.jpg]
[themexriver.com/industrial-demo/index-2.html]
[themexriver.com/industrial-demo/assets/images/logo-3.png]
[themexriver.com/industrial-demo/assets/images/offer-pic.jpg]
[themexriver.com/industrial-demo/assets/images/services-s3/img-1.jpg]
[themexriver.com/industrial-demo/assets/images/services-s3/img-2.jpg]
[themexriver.com/industrial-demo/assets/images/services-s3/img-3.jpg]
[themexriver.com/industrial-demo/assets/images/services-s3/img-4.jpg]
[themexriver.com/industrial-demo/assets/images/services-s3/img-6.jpg]
[themexriver.com/industrial-demo/index-3.html]
[themexriver.com/industrial-demo/index-4.html]
[themexriver.com/industrial-demo/index-5.html]
[themexriver.com/industrial-demo/assets/images/slider/slide-4.jpg]
[themexriver.com/industrial-demo/index-6.html]
[themexriver.com/industrial-demo/about.html]
[themexriver.com/industrial-demo/services.html]
[themexriver.com/industrial-demo/projects.html]
[themexriver.com/industrial-demo/assets/images/service-single-info.jpg]
[themexriver.com/industrial-demo/service-single.html]
[themexriver.com/industrial-demo/assets/images/project-single-img.jpg]
[themexriver.com/industrial-demo/project-single.html]
[themexriver.com/industrial-demo/assets/images/shop/icons/icon-1.png]
[themexriver.com/industrial-demo/assets/images/shop/icons/icon-2.png]
[themexriver.com/industrial-demo/assets/images/shop/icons/icon-3.png]
[themexriver.com/industrial-demo/assets/images/shop/img-5.jpg]
[themexriver.com/industrial-demo/assets/images/shop/img-6.jpg]
[themexriver.com/industrial-demo/assets/images/shop/img-7.jpg]
[themexriver.com/industrial-demo/assets/images/shop/img-8.jpg]
[themexriver.com/industrial-demo/assets/images/shop/img-11.jpg]
[themexriver.com/industrial-demo/assets/images/shop/img-12.jpg]
[themexriver.com/industrial-demo/assets/images/shop/img-9.jpg]
[themexriver.com/industrial-demo/shop.html]
[themexriver.com/industrial-demo/shop-sidebar.html]
[themexriver.com/industrial-demo/assets/css/bootstrap-slider.min.css]
[themexriver.com/industrial-demo/assets/css/bootstrap-touchspin.css]
[themexriver.com/industrial-demo/assets/images/shop/shop-details/img-1.jpg]
[themexriver.com/industrial-demo/assets/images/shop/shop-details/thumb/img-1.jpg]
[themexriver.com/industrial-demo/assets/images/shop/review/img-1.jpg]
[themexriver.com/industrial-demo/assets/images/shop/review/img-2.jpg]
[themexriver.com/industrial-demo/assets/images/shop/review/img-3.jpg]
[themexriver.com/industrial-demo/shop-details.html]
[themexriver.com/industrial-demo/assets/images/testimonials/img-3.jpg]
[themexriver.com/industrial-demo/assets/images/testimonials/img-4.jpg]
[themexriver.com/industrial-demo/assets/images/testimonials/img-5.jpg]
[themexriver.com/industrial-demo/assets/images/testimonials/img-6.jpg]
[themexriver.com/industrial-demo/testimonials.html]
[themexriver.com/industrial-demo/faq.html]
[themexriver.com/industrial-demo/blog.html]
[themexriver.com/industrial-demo/assets/images/blog/thumb/img-1.jpg]
[themexriver.com/industrial-demo/assets/images/blog/thumb/img-2.jpg]
[themexriver.com/industrial-demo/assets/images/blog/thumb/img-3.jpg]
[themexriver.com/industrial-demo/blog-right-sidebar.html]
[themexriver.com/industrial-demo/blog-left-sidebar.html]
[themexriver.com/industrial-demo/assets/images/blog-details/img-1.jpg]
[themexriver.com/industrial-demo/assets/images/blog-details/img-2.jpg]
[themexriver.com/industrial-demo/assets/images/blog-details/img-3.jpg]
[themexriver.com/industrial-demo/assets/images/blog-details/comments/img-1.jpg]
[themexriver.com/industrial-demo/assets/images/blog-details/comments/img-2.jpg]
[themexriver.com/industrial-demo/blog-details.html]
[themexriver.com/industrial-demo/contact.html]
[themexriver.com/industrial-demo/assets/images/slider/slide-2.jpg]
[themexriver.com/industrial-demo/assets/images/projects/img-5.jpg]
[themexriver.com/industrial-demo/assets/images/blog/img-2.jpg]
[themexriver.com/industrial-demo/assets/js/bootstrap.min.js]
[themexriver.com/industrial-demo/assets/fonts/fontawesome-webfont5b62.svg]
[themexriver.com/industrial-demo/assets/fonts/Flaticon.svg]
[themexriver.com/industrial-demo/assets/fonts/glyphicons-halflings-regular.svg]
[themexriver.com/industrial-demo/assets/css/owl.video.play.html]
[themexriver.com/industrial-demo/assets/fonts/slick.svg]
[themexriver.com/industrial-demo/assets/css/mCSB_buttons.html]
[themexriver.com/industrial-demo/assets/images/services-s3/img-5.jpg]
[themexriver.com/industrial-demo/assets/images/services/img-5.jpg]
[themexriver.com/industrial-demo/assets/images/services/img-6.jpg]
[themexriver.com/industrial-demo/services.html]
[themexriver.com/industrial-demo/assets/images/shop/img-4.jpg]
[themexriver.com/industrial-demo/assets/fonts/fontawesome-webfont5b62.ttf]
[themexriver.com/industrial-demo/assets/css/bootstrap-slider.min.css]
[themexriver.com/industrial-demo/assets/css/bootstrap-touchspin.css]
[themexriver.com/industrial-demo/assets/images/shop/img-10.jpg]
[themexriver.com/industrial-demo/assets/fonts/Flaticon.eot]
